/home/liuyc/workspace/programmers/keypoint/yolox_ks/yolox/core/trainer.py:55: FutureWarning: `torch.cuda.amp.GradScaler(args...)` is deprecated. Please use `torch.amp.GradScaler('cuda', args...)` instead.
  self.scaler = torch.cuda.amp.GradScaler(enabled=self.amp_training)
2026-07-30 07:23:38 | INFO     | yolox.core.trainer:158 - args: Namespace(batch_size=96, cache=False, ckpt='/home/liuyc/workspace/programmers/keypoint/yolox_ks/YOLOX_outputs/yolox_kp_20260729_102747/last_epoch_ckpt.pth', devices=1, dist_backend='nccl', dist_url=None, exp_file='exps/example/custom/yolox_kp.py', experiment_name='yolox_kp', fp16=False, logger='tensorboard', machine_rank=0, name=None, no_eval=False, no_keypoints=False, num_machines=1, occupy=False, opts=[], qat=True, qat_weight_quant='per_channel', resume=True, start_epoch=404)
2026-07-30 07:23:38 | INFO     | yolox.core.trainer:159 - exp value:
╒════════════════════════════╤═══════════════════════════════════╕
│ keys                       │ values                            │
╞════════════════════════════╪═══════════════════════════════════╡
│ seed                       │ None                              │
├────────────────────────────┼───────────────────────────────────┤
│ output_dir                 │ './YOLOX_outputs/'                │
├────────────────────────────┼───────────────────────────────────┤
│ print_interval             │ 10                                │
├────────────────────────────┼───────────────────────────────────┤
│ eval_interval              │ 10                                │
├────────────────────────────┼───────────────────────────────────┤
│ num_classes                │ 5                                 │
├────────────────────────────┼───────────────────────────────────┤
│ keypoints                  │ 4                                 │
├────────────────────────────┼───────────────────────────────────┤
│ segcls                     │ 0                                 │
├────────────────────────────┼───────────────────────────────────┤
│ depth                      │ 0.33                              │
├────────────────────────────┼───────────────────────────────────┤
│ width                      │ 0.25                              │
├────────────────────────────┼───────────────────────────────────┤
│ act                        │ 'relu'                            │
├────────────────────────────┼───────────────────────────────────┤
│ img_channel                │ 3                                 │
├────────────────────────────┼───────────────────────────────────┤
│ in_channels                │ [256, 512, 1024]                  │
├────────────────────────────┼───────────────────────────────────┤
│ in_features                │ ('dark3', 'dark4', 'dark5')       │
├────────────────────────────┼───────────────────────────────────┤
│ model_name                 │ 'yolo_pafpn'                      │
├────────────────────────────┼───────────────────────────────────┤
│ repeat                     │ 2                                 │
├────────────────────────────┼───────────────────────────────────┤
│ data_num_workers           │ 16                                │
├────────────────────────────┼───────────────────────────────────┤
│ input_size                 │ (384, 640)                        │
├────────────────────────────┼───────────────────────────────────┤
│ multiscale_range           │ 5                                 │
├────────────────────────────┼───────────────────────────────────┤
│ pin_memory                 │ True                              │
├────────────────────────────┼───────────────────────────────────┤
│ random_dataset             │ None                              │
├────────────────────────────┼───────────────────────────────────┤
│ cate_ls                    │ []                                │
├────────────────────────────┼───────────────────────────────────┤
│ mask_order                 │ []                                │
├────────────────────────────┼───────────────────────────────────┤
│ cate_id                    │ []                                │
├────────────────────────────┼───────────────────────────────────┤
│ data_dir                   │ 'datasets/YaXon_DMS_OD_Keypoint'  │
├────────────────────────────┼───────────────────────────────────┤
│ train_ann                  │ 'person_keypoints_train2017.json' │
├────────────────────────────┼───────────────────────────────────┤
│ val_ann                    │ 'person_keypoints_val2017.json'   │
├────────────────────────────┼───────────────────────────────────┤
│ mosaic_prob                │ 0.4                               │
├────────────────────────────┼───────────────────────────────────┤
│ mixup_prob                 │ 0                                 │
├────────────────────────────┼───────────────────────────────────┤
│ hsv_prob                   │ 0.7                               │
├────────────────────────────┼───────────────────────────────────┤
│ flip_prob                  │ 0.7                               │
├────────────────────────────┼───────────────────────────────────┤
│ degrees                    │ 10.0                              │
├────────────────────────────┼───────────────────────────────────┤
│ translate                  │ 0.1                               │
├────────────────────────────┼───────────────────────────────────┤
│ mosaic_scale               │ (0.5, 1.5)                        │
├────────────────────────────┼───────────────────────────────────┤
│ mixup_scale                │ (0.5, 1.5)                        │
├────────────────────────────┼───────────────────────────────────┤
│ shear                      │ 2.0                               │
├────────────────────────────┼───────────────────────────────────┤
│ perspective                │ 1                                 │
├────────────────────────────┼───────────────────────────────────┤
│ enable_mixup               │ False                             │
├────────────────────────────┼───────────────────────────────────┤
│ warmup_epochs              │ 10                                │
├────────────────────────────┼───────────────────────────────────┤
│ max_epoch                  │ 1300                              │
├────────────────────────────┼───────────────────────────────────┤
│ warmup_lr                  │ 0                                 │
├────────────────────────────┼───────────────────────────────────┤
│ adam                       │ False                             │
├────────────────────────────┼───────────────────────────────────┤
│ basic_lr_per_img           │ 5e-06                             │
├────────────────────────────┼───────────────────────────────────┤
│ scheduler                  │ 'yoloxwarmcos'                    │
├────────────────────────────┼───────────────────────────────────┤
│ no_aug_epochs              │ 300                               │
├────────────────────────────┼───────────────────────────────────┤
│ min_lr_ratio               │ 0.1                               │
├────────────────────────────┼───────────────────────────────────┤
│ ema                        │ True                              │
├────────────────────────────┼───────────────────────────────────┤
│ weight_decay               │ 5e-05                             │
├────────────────────────────┼───────────────────────────────────┤
│ momentum                   │ 0.9                               │
├────────────────────────────┼───────────────────────────────────┤
│ save_history_ckpt          │ False                             │
├────────────────────────────┼───────────────────────────────────┤
│ exp_name                   │ 'yolox_kp'                        │
├────────────────────────────┼───────────────────────────────────┤
│ test_size                  │ (384, 640)                        │
├────────────────────────────┼───────────────────────────────────┤
│ test_conf                  │ 0.7                               │
├────────────────────────────┼───────────────────────────────────┤
│ nmsthre                    │ 0.3                               │
├────────────────────────────┼───────────────────────────────────┤
│ model_export               │ False                             │
├────────────────────────────┼───────────────────────────────────┤
│ decode_in_inference        │ False                             │
├────────────────────────────┼───────────────────────────────────┤
│ finetuning_train_ann       │ 'person_keypoints_train2017.json' │
├────────────────────────────┼───────────────────────────────────┤
│ aug_epochs                 │ 1000                              │
├────────────────────────────┼───────────────────────────────────┤
│ finetuning_train_epoch     │ 0                                 │
├────────────────────────────┼───────────────────────────────────┤
│ no_aug_eval_interval       │ 5                                 │
├────────────────────────────┼───────────────────────────────────┤
│ eval_per_kp                │ False                             │
├────────────────────────────┼───────────────────────────────────┤
│ disable_kp_loss            │ False                             │
├────────────────────────────┼───────────────────────────────────┤
│ save_history_ckpt_interval │ 100                               │
╘════════════════════════════╧═══════════════════════════════════╛
2026-07-30 07:23:38 | INFO     | yolox.core.trainer:165 - Model Summary: Params: 1.86M, Gflops: 2.90
2026-07-30 07:23:38 | INFO     | yolox.utils.quant_utils:257 - Preparing QAT model (FX graph-mode, backend=qnnpack)...
2026-07-30 07:23:39 | INFO     | yolox.utils.quant_utils:261 - QAT prepared: 196 FakeQuantize modules inserted
2026-07-30 07:23:40 | INFO     | yolox.core.trainer:191 - QAT model prepared, fake-quant active (weight_quant=per_channel).
2026-07-30 07:23:40 | INFO     | yolox.core.trainer:401 - resume training
2026-07-30 07:23:40 | INFO     | yolox.core.trainer:431 - Successfully loaded 2109 parameters from checkpoint.
2026-07-30 07:23:40 | INFO     | yolox.core.trainer:460 - Loaded model weights (unmatched parameters skipped)
2026-07-30 07:23:40 | INFO     | yolox.core.trainer:469 - Best AP/KP_AP have been reset to 0 for resume training.
2026-07-30 07:23:40 | INFO     | yolox.core.trainer:478 - loaded checkpoint 'True' (epoch 403)
2026-07-30 07:23:40 | INFO     | yolox.data.datasets.coco:86 - loading annotations into memory...
2026-07-30 07:23:41 | INFO     | yolox.data.datasets.coco:86 - Done (t=0.94s)
2026-07-30 07:23:41 | INFO     | pycocotools.coco:86 - creating index...
2026-07-30 07:23:41 | INFO     | pycocotools.coco:86 - index created!
2026-07-30 07:23:49 | INFO     | yolox.data.datasets.coco:86 - loading annotations into memory...
2026-07-30 07:23:50 | INFO     | yolox.data.datasets.coco:86 - Done (t=1.16s)
2026-07-30 07:23:50 | INFO     | pycocotools.coco:86 - creating index...
2026-07-30 07:23:50 | INFO     | pycocotools.coco:86 - index created!
2026-07-30 07:23:59 | INFO     | yolox.core.trainer:213 - init prefetcher, this might take one minute or less...
